// Jest Snapshot v1, https://goo.gl/fbAQLP

exports[`should successfully beautify Assembly files should successfully beautify file test.asm 1`] = `
Object {
  Symbol(raw): "	; https: // jameshfisher.com/2018/03/10/linux-assembly-hello-world.html

	global _start

	section .text

_start:
	mov     rax, 1; write(
	mov     rdi, 1; STDOUT_FILENO
	mov     rsi, msg; \\" Hello, world!\\\\n\\"
	mov     rdx, msglen; sizeof(\\"Hello, world!\\\\n\\")
	syscall ; )

	mov     rax, 60; exit(
	mov     rdi, 0; EXIT_SUCCESS
	syscall ; )

	section .rodata

msg:
	db \\"Hello, world!\\", 10

msglen:
	equ $ - msg
",
}
`;
